// Jest Snapshot v1, https://goo.gl/fbAQLP

exports[`renders correctly 1`] = `
<div>
  <div
    class="ion-page"
  >
    <ion-header>
      <ion-toolbar>
        <ion-title>
          Offers
        </ion-title>
        <ion-buttons
          slot="end"
        >
          <ion-button>
            Log out
          </ion-button>
        </ion-buttons>
      </ion-toolbar>
    </ion-header>
  </div>
</div>
`;
